\BOOKMARK [0][-]{chapter.1}{\376\377\000I\000n\000t\000r\000o\000d\000u\000c\000c\000i\000\363}{}% 1
\BOOKMARK [0][-]{chapter.2}{\376\377\000E\000q\000u\000a\000c\000i\000o\000n\000s\000\040\000M\000H\000D}{}% 2
\BOOKMARK [0][-]{chapter.3}{\376\377\000O\000n\000e\000s\000\040\000M\000H\000D}{}% 3
\BOOKMARK [1][-]{section.3.1}{\376\377\000L\000i\000n\000e\000a\000l\000i\000t\000z\000a\000c\000i\000\363}{chapter.3}% 4
\BOOKMARK [1][-]{section.3.2}{\376\377\000S\000o\000l\000u\000c\000i\000o\000n\000s\000:\000\040\000m\000o\000d\000e\000s\000\040\000n\000o\000r\000m\000a\000l\000s}{chapter.3}% 5
\BOOKMARK [2][-]{subsection.3.2.1}{\376\377\000M\000o\000d\000e\000s\000\040\000d\000'\000A\000l\000f\000v\000\351\000n}{section.3.2}% 6
\BOOKMARK [2][-]{subsection.3.2.2}{\376\377\000M\000o\000d\000e\000s\000\040\000r\000\340\000p\000i\000d\000s\000\040\000i\000\040\000l\000e\000n\000t\000s}{section.3.2}% 7
\BOOKMARK [2][-]{subsection.3.2.3}{\376\377\000R\000e\000l\000a\000c\000i\000\363\000\040\000d\000e\000\040\000d\000i\000s\000p\000e\000r\000s\000i\000\363}{section.3.2}% 8
\BOOKMARK [0][-]{chapter.4}{\376\377\000M\000\350\000t\000o\000d\000e}{}% 9
\BOOKMARK [1][-]{section.4.1}{\376\377\000M\000o\000d\000e\000s\000\040\000d\000'\000A\000l\000f\000v\000\351\000n}{chapter.4}% 10
\BOOKMARK [1][-]{section.4.2}{\376\377\000M\000o\000d\000e\000s\000\040\000r\000\340\000p\000i\000d\000s\000\040\000i\000\040\000l\000e\000n\000t\000s}{chapter.4}% 11
\BOOKMARK [0][-]{chapter.5}{\376\377\000R\000e\000s\000u\000l\000t\000a\000t\000s}{}% 12
\BOOKMARK [1][-]{section.5.1}{\376\377\000M\000o\000d\000e\000s\000\040\000d\000'\000A\000l\000f\000v\000\351\000n}{chapter.5}% 13
\BOOKMARK [1][-]{section.5.2}{\376\377\000M\000o\000d\000e\000s\000\040\000r\000\340\000p\000i\000d\000s\000\040\000i\000\040\000l\000e\000n\000t\000s}{chapter.5}% 14
\BOOKMARK [2][-]{subsection.5.2.1}{\376\377\000A\000u\000t\000o\000f\000u\000n\000c\000i\000o\000n\000s\000\040\000a\000m\000b\000\040\000c\000o\000n\000s\000t\000a\000n\000t\000\040\000d\000'\000a\000c\000o\000b\000l\000a\000m\000e\000n\000t\000\040\000f\000i\000x\000a\000,\000\040\000k\000z\000\040\000=\000\040\0000\000.\0000\0001}{section.5.2}% 15
\BOOKMARK [2][-]{subsection.5.2.2}{\376\377\000E\000v\000o\000l\000u\000c\000i\000\363\000\040\000d\000e\000\040\000l\000e\000s\000\040\000a\000u\000t\000o\000f\000u\000n\000c\000i\000o\000n\000s\000\040\000e\000n\000\040\000f\000u\000n\000c\000i\000\363\000\040\000d\000e\000\040\000l\000'\000a\000c\000o\000b\000l\000a\000m\000e\000n\000t\000,\000\040\000k\000z}{section.5.2}% 16
\BOOKMARK [0][-]{chapter.6}{\376\377\000C\000o\000n\000c\000l\000u\000s\000i\000o\000n\000s}{}% 17
\BOOKMARK [0][-]{chapter.6}{\376\377\000R\000e\000f\000e\000r\000\350\000n\000c\000i\000e\000s}{}% 18
\BOOKMARK [0][-]{chapter.1}{\376\377\000C\000o\000d\000i\000s}{}% 19
\BOOKMARK [0][-]{chapter.2}{\376\377\000V\000a\000l\000o\000r\000s\000\040\000r\000e\000a\000l\000i\000s\000t\000e\000s}{}% 20
\BOOKMARK [0][-]{chapter.3}{\376\377\000I\000m\000a\000t\000g\000e\000s}{}% 21
