This is pdfTeX, Version 3.141592653-2.6-1.40.27 (TeX Live 2025/Homebrew) (preloaded format=pdflatex 2025.3.15)  7 JUN 2025 14:17
entering extended mode
 restricted \write18 enabled.
 %&-line parsing enabled.
**PortadaTFG.tex
(./PortadaTFG.tex
LaTeX2e <2024-11-01> patch level 2
L3 programming layer <2025-01-18>
(/usr/local/Cellar/texlive/20250308_1/share/texmf-dist/tex/latex/base/book.cls
Document Class: book 2024/06/29 v1.4n Standard LaTeX document class
(/usr/local/Cellar/texlive/20250308_1/share/texmf-dist/tex/latex/base/bk10.clo
File: bk10.clo 2024/06/29 v1.4n Standard LaTeX file (size option)
)
\c@part=\count196
\c@chapter=\count197
\c@section=\count198
\c@subsection=\count199
\c@subsubsection=\count266
\c@paragraph=\count267
\c@subparagraph=\count268
\c@figure=\count269
\c@table=\count270
\abovecaptionskip=\skip49
\belowcaptionskip=\skip50
\bibindent=\dimen141
)
(/usr/local/Cellar/texlive/20250308_1/share/texmf-dist/tex/latex/lm/lmodern.sty
Package: lmodern 2015/05/01 v1.6.1 Latin Modern Fonts
LaTeX Font Info:    Overwriting symbol font `operators' in version `normal'
(Font)                  OT1/cmr/m/n --> OT1/lmr/m/n on input line 22.
LaTeX Font Info:    Overwriting symbol font `letters' in version `normal'
(Font)                  OML/cmm/m/it --> OML/lmm/m/it on input line 23.
LaTeX Font Info:    Overwriting symbol font `symbols' in version `normal'
(Font)                  OMS/cmsy/m/n --> OMS/lmsy/m/n on input line 24.
LaTeX Font Info:    Overwriting symbol font `largesymbols' in version `normal'
(Font)                  OMX/cmex/m/n --> OMX/lmex/m/n on input line 25.
LaTeX Font Info:    Overwriting symbol font `operators' in version `bold'
(Font)                  OT1/cmr/bx/n --> OT1/lmr/bx/n on input line 26.
LaTeX Font Info:    Overwriting symbol font `letters' in version `bold'
(Font)                  OML/cmm/b/it --> OML/lmm/b/it on input line 27.
LaTeX Font Info:    Overwriting symbol font `symbols' in version `bold'
(Font)                  OMS/cmsy/b/n --> OMS/lmsy/b/n on input line 28.
LaTeX Font Info:    Overwriting symbol font `largesymbols' in version `bold'
(Font)                  OMX/cmex/m/n --> OMX/lmex/m/n on input line 29.
LaTeX Font Info:    Overwriting math alphabet `\mathbf' in version `normal'
(Font)                  OT1/cmr/bx/n --> OT1/lmr/bx/n on input line 31.
LaTeX Font Info:    Overwriting math alphabet `\mathsf' in version `normal'
(Font)                  OT1/cmss/m/n --> OT1/lmss/m/n on input line 32.
LaTeX Font Info:    Overwriting math alphabet `\mathit' in version `normal'
(Font)                  OT1/cmr/m/it --> OT1/lmr/m/it on input line 33.
LaTeX Font Info:    Overwriting math alphabet `\mathtt' in version `normal'
(Font)                  OT1/cmtt/m/n --> OT1/lmtt/m/n on input line 34.
LaTeX Font Info:    Overwriting math alphabet `\mathbf' in version `bold'
(Font)                  OT1/cmr/bx/n --> OT1/lmr/bx/n on input line 35.
LaTeX Font Info:    Overwriting math alphabet `\mathsf' in version `bold'
(Font)                  OT1/cmss/bx/n --> OT1/lmss/bx/n on input line 36.
LaTeX Font Info:    Overwriting math alphabet `\mathit' in version `bold'
(Font)                  OT1/cmr/bx/it --> OT1/lmr/bx/it on input line 37.
LaTeX Font Info:    Overwriting math alphabet `\mathtt' in version `bold'
(Font)                  OT1/cmtt/m/n --> OT1/lmtt/m/n on input line 38.
)
(/usr/local/Cellar/texlive/20250308_1/share/texmf-dist/tex/latex/base/fontenc.s
ty
Package: fontenc 2021/04/29 v2.0v Standard LaTeX package
LaTeX Font Info:    Trying to load font information for T1+lmr on input line 11
6.
 (/usr/local/Cellar/texlive/20250308_1/share/texmf-dist/tex/latex/lm/t1lmr.fd
File: t1lmr.fd 2015/05/01 v1.6.1 Font defs for Latin Modern
))
(/usr/local/Cellar/texlive/20250308_1/share/texmf-dist/tex/latex/mathtools/math
tools.sty
Package: mathtools 2024/10/04 v1.31 mathematical typesetting tools

(/usr/local/Cellar/texlive/20250308_1/share/texmf-dist/tex/latex/graphics/keyva
l.sty
Package: keyval 2022/05/29 v1.15 key=value parser (DPC)
\KV@toks@=\toks17
)
(/usr/local/Cellar/texlive/20250308_1/share/texmf-dist/tex/latex/tools/calc.sty
Package: calc 2023/07/08 v4.3 Infix arithmetic (KKT,FJ)
\calc@Acount=\count271
\calc@Bcount=\count272
\calc@Adimen=\dimen142
\calc@Bdimen=\dimen143
\calc@Askip=\skip51
\calc@Bskip=\skip52
LaTeX Info: Redefining \setlength on input line 80.
LaTeX Info: Redefining \addtolength on input line 81.
\calc@Ccount=\count273
\calc@Cskip=\skip53
)
(/usr/local/Cellar/texlive/20250308_1/share/texmf-dist/tex/latex/mathtools/mhse
tup.sty
Package: mhsetup 2021/03/18 v1.4 programming setup (MH)
)
(/usr/local/Cellar/texlive/20250308_1/share/texmf-dist/tex/latex/amsmath/amsmat
h.sty
Package: amsmath 2024/11/05 v2.17t AMS math features
\@mathmargin=\skip54

For additional information on amsmath, use the `?' option.

(/usr/local/Cellar/texlive/20250308_1/share/texmf-dist/tex/latex/amsmath/amstex
t.sty
Package: amstext 2021/08/26 v2.01 AMS text

(/usr/local/Cellar/texlive/20250308_1/share/texmf-dist/tex/latex/amsmath/amsgen
.sty
File: amsgen.sty 1999/11/30 v2.0 generic functions
\@emptytoks=\toks18
\ex@=\dimen144
))
(/usr/local/Cellar/texlive/20250308_1/share/texmf-dist/tex/latex/amsmath/amsbsy
.sty
Package: amsbsy 1999/11/29 v1.2d Bold Symbols
\pmbraise@=\dimen145
)
(/usr/local/Cellar/texlive/20250308_1/share/texmf-dist/tex/latex/amsmath/amsopn
.sty
Package: amsopn 2022/04/08 v2.04 operator names
)
\inf@bad=\count274
LaTeX Info: Redefining \frac on input line 233.
\uproot@=\count275
\leftroot@=\count276
LaTeX Info: Redefining \overline on input line 398.
LaTeX Info: Redefining \colon on input line 409.
\classnum@=\count277
\DOTSCASE@=\count278
LaTeX Info: Redefining \ldots on input line 495.
LaTeX Info: Redefining \dots on input line 498.
LaTeX Info: Redefining \cdots on input line 619.
\Mathstrutbox@=\box52
\strutbox@=\box53
LaTeX Info: Redefining \big on input line 721.
LaTeX Info: Redefining \Big on input line 722.
LaTeX Info: Redefining \bigg on input line 723.
LaTeX Info: Redefining \Bigg on input line 724.
\big@size=\dimen146
LaTeX Font Info:    Redeclaring font encoding OML on input line 742.
LaTeX Font Info:    Redeclaring font encoding OMS on input line 743.
\macc@depth=\count279
LaTeX Info: Redefining \bmod on input line 904.
LaTeX Info: Redefining \pmod on input line 909.
LaTeX Info: Redefining \smash on input line 939.
LaTeX Info: Redefining \relbar on input line 969.
LaTeX Info: Redefining \Relbar on input line 970.
\c@MaxMatrixCols=\count280
\dotsspace@=\muskip17
\c@parentequation=\count281
\dspbrk@lvl=\count282
\tag@help=\toks19
\row@=\count283
\column@=\count284
\maxfields@=\count285
\andhelp@=\toks20
\eqnshift@=\dimen147
\alignsep@=\dimen148
\tagshift@=\dimen149
\tagwidth@=\dimen150
\totwidth@=\dimen151
\lineht@=\dimen152
\@envbody=\toks21
\multlinegap=\skip55
\multlinetaggap=\skip56
\mathdisplay@stack=\toks22
LaTeX Info: Redefining \[ on input line 2953.
LaTeX Info: Redefining \] on input line 2954.
)
\g_MT_multlinerow_int=\count286
\l_MT_multwidth_dim=\dimen153
\origjot=\skip57
\l_MT_shortvdotswithinadjustabove_dim=\dimen154
\l_MT_shortvdotswithinadjustbelow_dim=\dimen155
\l_MT_above_intertext_sep=\dimen156
\l_MT_below_intertext_sep=\dimen157
\l_MT_above_shortintertext_sep=\dimen158
\l_MT_below_shortintertext_sep=\dimen159
\xmathstrut@box=\box54
\xmathstrut@dim=\dimen160
)
(/usr/local/Cellar/texlive/20250308_1/share/texmf-dist/tex/generic/babel/babel.
sty
Package: babel 2025/02/14 v25.4 The multilingual framework for pdfLaTeX, LuaLaT
eX and XeLaTeX
\babel@savecnt=\count287
\U@D=\dimen161
\l@unhyphenated=\language90

(/usr/local/Cellar/texlive/20250308_1/share/texmf-dist/tex/generic/babel/txtbab
el.def)
\bbl@readstream=\read2
\bbl@dirlevel=\count288

(/usr/local/Cellar/texlive/20250308_1/share/texmf-dist/tex/generic/babel-catala
n/catalan.ldf
Language: catalan 2005/03/29 v2.2p Catalan support from the babel system
Package babel Info: Making " an active character on input line 91.
\leftllkern=\dimen162
\rightllkern=\dimen163
\raiselldim=\dimen164
))
(/usr/local/Cellar/texlive/20250308_1/share/texmf-dist/tex/generic/babel/locale
/ca/babel-catalan.tex
Package babel Info: Importing font and identification data for catalan
(babel)             from babel-ca.ini. Reported on input line 11.
)
(/usr/local/Cellar/texlive/20250308_1/share/texmf-dist/tex/latex/lipsum/lipsum.
sty
(/usr/local/Cellar/texlive/20250308_1/share/texmf-dist/tex/latex/l3packages/l3k
eys2e/l3keys2e.sty
(/usr/local/Cellar/texlive/20250308_1/share/texmf-dist/tex/latex/l3kernel/expl3
.sty
Package: expl3 2025-01-18 L3 programming layer (loader) 

(/usr/local/Cellar/texlive/20250308_1/share/texmf-dist/tex/latex/l3backend/l3ba
ckend-pdftex.def
File: l3backend-pdftex.def 2024-05-08 L3 backend support: PDF output (pdfTeX)
\l__color_backend_stack_int=\count289
\l__pdf_internal_box=\box55
))
Package: l3keys2e 2024-08-16 LaTeX2e option processing using LaTeX3 keys
)
Package: lipsum 2021-09-20 v2.7 150 paragraphs of Lorem Ipsum dummy text
\g__lipsum_par_int=\count290
\l__lipsum_a_int=\count291
\l__lipsum_b_int=\count292

(/usr/local/Cellar/texlive/20250308_1/share/texmf-dist/tex/latex/lipsum/lipsum.
ltd.tex))
(/usr/local/Cellar/texlive/20250308_1/share/texmf-dist/tex/latex/fncychap/fncyc
hap.sty
Package: fncychap 2007/07/30 v1.34 LaTeX package (Revised chapters)
\RW=\skip58
\mylen=\skip59
\myhi=\skip60
\px=\skip61
\py=\skip62
\pyy=\skip63
\pxx=\skip64
)
(/usr/local/Cellar/texlive/20250308_1/share/texmf-dist/tex/latex/multirow/multi
row.sty
Package: multirow 2024/11/12 v2.9 Span multiple rows of a table
\multirow@colwidth=\skip65
\multirow@cntb=\count293
\multirow@dima=\skip66
\bigstrutjot=\dimen165
)
(/usr/local/Cellar/texlive/20250308_1/share/texmf-dist/tex/latex/graphics/graph
icx.sty
Package: graphicx 2021/09/16 v1.2d Enhanced LaTeX Graphics (DPC,SPQR)

(/usr/local/Cellar/texlive/20250308_1/share/texmf-dist/tex/latex/graphics/graph
ics.sty
Package: graphics 2024/08/06 v1.4g Standard LaTeX Graphics (DPC,SPQR)

(/usr/local/Cellar/texlive/20250308_1/share/texmf-dist/tex/latex/graphics/trig.
sty
Package: trig 2023/12/02 v1.11 sin cos tan (DPC)
)
(/usr/local/Cellar/texlive/20250308_1/share/texmf-dist/tex/latex/graphics-cfg/g
raphics.cfg
File: graphics.cfg 2016/06/04 v1.11 sample graphics configuration
)
Package graphics Info: Driver file: pdftex.def on input line 106.

(/usr/local/Cellar/texlive/20250308_1/share/texmf-dist/tex/latex/graphics-def/p
dftex.def
File: pdftex.def 2024/04/13 v1.2c Graphics/color driver for pdftex
))
\Gin@req@height=\dimen166
\Gin@req@width=\dimen167
)
(/usr/local/Cellar/texlive/20250308_1/share/texmf-dist/tex/latex/wrapfig/wrapfi
g.sty
\wrapoverhang=\dimen168
\WF@size=\dimen169
\c@WF@wrappedlines=\count294
\WF@box=\box56
\WF@everypar=\toks23
Package: wrapfig 2003/01/31  v 3.6
)
(/usr/local/Cellar/texlive/20250308_1/share/texmf-dist/tex/latex/xcolor/xcolor.
sty
Package: xcolor 2024/09/29 v3.02 LaTeX color extensions (UK)

(/usr/local/Cellar/texlive/20250308_1/share/texmf-dist/tex/latex/graphics-cfg/c
olor.cfg
File: color.cfg 2016/01/02 v1.6 sample color configuration
)
Package xcolor Info: Driver file: pdftex.def on input line 274.

(/usr/local/Cellar/texlive/20250308_1/share/texmf-dist/tex/latex/graphics/mathc
olor.ltx)
Package xcolor Info: Model `cmy' substituted by `cmy0' on input line 1349.
Package xcolor Info: Model `hsb' substituted by `rgb' on input line 1353.
Package xcolor Info: Model `RGB' extended on input line 1365.
Package xcolor Info: Model `HTML' substituted by `rgb' on input line 1367.
Package xcolor Info: Model `Hsb' substituted by `hsb' on input line 1368.
Package xcolor Info: Model `tHsb' substituted by `hsb' on input line 1369.
Package xcolor Info: Model `HSB' substituted by `hsb' on input line 1370.
Package xcolor Info: Model `Gray' substituted by `gray' on input line 1371.
Package xcolor Info: Model `wave' substituted by `hsb' on input line 1372.
)
(/usr/local/Cellar/texlive/20250308_1/share/texmf-dist/tex/latex/fancyhdr/fancy
hdr.sty
Package: fancyhdr 2025/02/07 v5.2 Extensive control of page headers and footers

\f@nch@headwidth=\skip67
\f@nch@offset@elh=\skip68
\f@nch@offset@erh=\skip69
\f@nch@offset@olh=\skip70
\f@nch@offset@orh=\skip71
\f@nch@offset@elf=\skip72
\f@nch@offset@erf=\skip73
\f@nch@offset@olf=\skip74
\f@nch@offset@orf=\skip75
\f@nch@height=\skip76
\f@nch@footalignment=\skip77
\f@nch@widthL=\skip78
\f@nch@widthC=\skip79
\f@nch@widthR=\skip80
\@temptokenb=\toks24
)
(/usr/local/Cellar/texlive/20250308_1/share/texmf-dist/tex/latex/base/inputenc.
sty
Package: inputenc 2024/02/08 v1.3d Input encoding file
\inpenc@prehook=\toks25
\inpenc@posthook=\toks26
)
(/usr/local/Cellar/texlive/20250308_1/share/texmf-dist/tex/latex/geometry/geome
try.sty
Package: geometry 2020/01/02 v5.9 Page Geometry

(/usr/local/Cellar/texlive/20250308_1/share/texmf-dist/tex/generic/iftex/ifvtex
.sty
Package: ifvtex 2019/10/25 v1.7 ifvtex legacy package. Use iftex instead.

(/usr/local/Cellar/texlive/20250308_1/share/texmf-dist/tex/generic/iftex/iftex.
sty
Package: iftex 2024/12/12 v1.0g TeX engine tests
))
\Gm@cnth=\count295
\Gm@cntv=\count296
\c@Gm@tempcnt=\count297
\Gm@bindingoffset=\dimen170
\Gm@wd@mp=\dimen171
\Gm@odd@mp=\dimen172
\Gm@even@mp=\dimen173
\Gm@layoutwidth=\dimen174
\Gm@layoutheight=\dimen175
\Gm@layouthoffset=\dimen176
\Gm@layoutvoffset=\dimen177
\Gm@dimlist=\toks27
)
(/usr/local/Cellar/texlive/20250308_1/share/texmf-dist/tex/latex/enumitem/enumi
tem.sty
Package: enumitem 2025/02/06 v3.11 Customized lists
\labelindent=\skip81
\enit@outerparindent=\dimen178
\enit@toks=\toks28
\enit@inbox=\box57
\enit@count@id=\count298
\enitdp@description=\count299
)
(/usr/local/Cellar/texlive/20250308_1/share/texmf-dist/tex/latex/caption/captio
n.sty
Package: caption 2023/08/05 v3.6o Customizing captions (AR)

(/usr/local/Cellar/texlive/20250308_1/share/texmf-dist/tex/latex/caption/captio
n3.sty
Package: caption3 2023/07/31 v2.4d caption3 kernel (AR)
\caption@tempdima=\dimen179
\captionmargin=\dimen180
\caption@leftmargin=\dimen181
\caption@rightmargin=\dimen182
\caption@width=\dimen183
\caption@indent=\dimen184
\caption@parindent=\dimen185
\caption@hangindent=\dimen186
Package caption Info: Standard document class detected.
)
\c@caption@flags=\count300
\c@continuedfloat=\count301
Package caption Info: wrapfig package is loaded.
)
(/usr/local/Cellar/texlive/20250308_1/share/texmf-dist/tex/latex/caption/subcap
tion.sty
Package: subcaption 2023/07/28 v1.6b Sub-captions (AR)
Package caption Info: New subtype `subfigure' on input line 238.
\c@subfigure=\count302
Package caption Info: New subtype `subtable' on input line 238.
\c@subtable=\count303
)
(/usr/local/Cellar/texlive/20250308_1/share/texmf-dist/tex/latex/mdwtools/footn
ote.sty
Package: footnote 1997/01/28 1.13 Save footnotes around boxes
\fn@notes=\box58
\fn@width=\dimen187
)
(/usr/local/Cellar/texlive/20250308_1/share/texmf-dist/tex/latex/tools/tabularx
.sty
Package: tabularx 2023/12/11 v2.12a `tabularx' package (DPC)

(/usr/local/Cellar/texlive/20250308_1/share/texmf-dist/tex/latex/tools/array.st
y
Package: array 2024/10/17 v2.6g Tabular extension package (FMi)
\col@sep=\dimen188
\ar@mcellbox=\box59
\extrarowheight=\dimen189
\NC@list=\toks29
\extratabsurround=\skip82
\backup@length=\skip83
\ar@cellbox=\box60
)
\TX@col@width=\dimen190
\TX@old@table=\dimen191
\TX@old@col=\dimen192
\TX@target=\dimen193
\TX@delta=\dimen194
\TX@cols=\count304
\TX@ftn=\toks30
)
(/usr/local/Cellar/texlive/20250308_1/share/texmf-dist/tex/latex/imakeidx/imake
idx.sty
Package: imakeidx 2016/10/15 v1.3e Package for typesetting indices in a synchro
nous mode

(/usr/local/Cellar/texlive/20250308_1/share/texmf-dist/tex/latex/xkeyval/xkeyva
l.sty
Package: xkeyval 2022/06/16 v2.9 package option processing (HA)

(/usr/local/Cellar/texlive/20250308_1/share/texmf-dist/tex/generic/xkeyval/xkey
val.tex
(/usr/local/Cellar/texlive/20250308_1/share/texmf-dist/tex/generic/xkeyval/xkvu
tils.tex
\XKV@toks=\toks31
\XKV@tempa@toks=\toks32
)
\XKV@depth=\count305
File: xkeyval.tex 2014/12/03 v2.7a key=value parser (HA)
))
(/usr/local/Cellar/texlive/20250308_1/share/texmf-dist/tex/generic/iftex/ifxete
x.sty
Package: ifxetex 2019/10/25 v0.7 ifxetex legacy package. Use iftex instead.
)
(/usr/local/Cellar/texlive/20250308_1/share/texmf-dist/tex/generic/iftex/ifluat
ex.sty
Package: ifluatex 2019/10/25 v1.5 ifluatex legacy package. Use iftex instead.
)
(/usr/local/Cellar/texlive/20250308_1/share/texmf-dist/tex/latex/tools/multicol
.sty
Package: multicol 2024/09/14 v1.9i multicolumn formatting (FMi)
\c@tracingmulticols=\count306
\mult@box=\box61
\multicol@leftmargin=\dimen195
\c@unbalance=\count307
\c@collectmore=\count308
\doublecol@number=\count309
\multicoltolerance=\count310
\multicolpretolerance=\count311
\full@width=\dimen196
\page@free=\dimen197
\premulticols=\dimen198
\postmulticols=\dimen199
\multicolsep=\skip84
\multicolbaselineskip=\skip85
\partial@page=\box62
\last@line=\box63
\mc@boxedresult=\box64
\maxbalancingoverflow=\dimen256
\mult@rightbox=\box65
\mult@grightbox=\box66
\mult@firstbox=\box67
\mult@gfirstbox=\box68
\@tempa=\box69
\@tempa=\box70
\@tempa=\box71
\@tempa=\box72
\@tempa=\box73
\@tempa=\box74
\@tempa=\box75
\@tempa=\box76
\@tempa=\box77
\@tempa=\box78
\@tempa=\box79
\@tempa=\box80
\@tempa=\box81
\@tempa=\box82
\@tempa=\box83
\@tempa=\box84
\@tempa=\box85
\@tempa=\box86
\@tempa=\box87
\@tempa=\box88
\@tempa=\box89
\@tempa=\box90
\@tempa=\box91
\@tempa=\box92
\@tempa=\box93
\@tempa=\box94
\@tempa=\box95
\@tempa=\box96
\@tempa=\box97
\@tempa=\box98
\@tempa=\box99
\@tempa=\box100
\@tempa=\box101
\@tempa=\box102
\@tempa=\box103
\@tempa=\box104
\c@minrows=\count312
\c@columnbadness=\count313
\c@finalcolumnbadness=\count314
\last@try=\dimen257
\multicolovershoot=\dimen258
\multicolundershoot=\dimen259
\mult@nat@firstbox=\box105
\colbreak@box=\box106
\mc@col@check@num=\count315
))
(/usr/local/Cellar/texlive/20250308_1/share/texmf-dist/tex/latex/makecell/makec
ell.sty
Package: makecell 2009/08/03 V0.1e Managing of Tab Column Heads and Cells
\rotheadsize=\dimen260
\c@nlinenum=\count316
\TeXr@lab=\toks33
)
(/usr/local/Cellar/texlive/20250308_1/share/texmf-dist/tex/latex/titlesec/title
sec.sty
Package: titlesec 2025/01/04 v2.17 Sectioning titles
\ttl@box=\box107
\beforetitleunit=\skip86
\aftertitleunit=\skip87
\ttl@plus=\dimen261
\ttl@minus=\dimen262
\ttl@toksa=\toks34
\titlewidth=\dimen263
\titlewidthlast=\dimen264
\titlewidthfirst=\dimen265
)

LaTeX Warning: Unused global option(s):
    [onside].

(./PortadaTFG.aux)
\openout1 = `PortadaTFG.aux'.

LaTeX Font Info:    Checking defaults for OML/cmm/m/it on input line 41.
LaTeX Font Info:    ... okay on input line 41.
LaTeX Font Info:    Checking defaults for OMS/cmsy/m/n on input line 41.
LaTeX Font Info:    ... okay on input line 41.
LaTeX Font Info:    Checking defaults for OT1/cmr/m/n on input line 41.
LaTeX Font Info:    ... okay on input line 41.
LaTeX Font Info:    Checking defaults for T1/cmr/m/n on input line 41.
LaTeX Font Info:    ... okay on input line 41.
LaTeX Font Info:    Checking defaults for TS1/cmr/m/n on input line 41.
LaTeX Font Info:    ... okay on input line 41.
LaTeX Font Info:    Checking defaults for OMX/cmex/m/n on input line 41.
LaTeX Font Info:    ... okay on input line 41.
LaTeX Font Info:    Checking defaults for U/cmr/m/n on input line 41.
LaTeX Font Info:    ... okay on input line 41.
LaTeX Info: Redefining \l on input line 41.
LaTeX Info: Redefining \L on input line 41.

(/usr/local/Cellar/texlive/20250308_1/share/texmf-dist/tex/context/base/mkii/su
pp-pdf.mkii
[Loading MPS to PDF converter (version 2006.09.02).]
\scratchcounter=\count317
\scratchdimen=\dimen266
\scratchbox=\box108
\nofMPsegments=\count318
\nofMParguments=\count319
\everyMPshowfont=\toks35
\MPscratchCnt=\count320
\MPscratchDim=\dimen267
\MPnumerator=\count321
\makeMPintoPDFobject=\count322
\everyMPtoPDFconversion=\toks36
)
(/usr/local/Cellar/texlive/20250308_1/share/texmf-dist/tex/latex/epstopdf-pkg/e
pstopdf-base.sty
Package: epstopdf-base 2020-01-24 v2.11 Base part for package epstopdf
Package epstopdf-base Info: Redefining graphics rule for `.eps' on input line 4
85.

(/usr/local/Cellar/texlive/20250308_1/share/texmf-dist/tex/latex/latexconfig/ep
stopdf-sys.cfg
File: epstopdf-sys.cfg 2010/07/13 v1.3 Configuration of (r)epstopdf for TeX Liv
e
))
*geometry* driver: auto-detecting
*geometry* detected driver: pdftex
*geometry* verbose mode - [ preamble ] result:
* driver: pdftex
* paper: a4paper
* layout: <same size as paper>
* layoutoffset:(h,v)=(0.0pt,0.0pt)
* modes: twoside 
* h-part:(L,W,R)=(71.13188pt, 455.24411pt, 71.13188pt)
* v-part:(T,H,B)=(101.40665pt, 672.50832pt, 71.13188pt)
* \paperwidth=597.50787pt
* \paperheight=845.04684pt
* \textwidth=455.24411pt
* \textheight=612.50832pt
* \oddsidemargin=-1.1381pt
* \evensidemargin=-1.1381pt
* \topmargin=-60.06271pt
* \headheight=71.13188pt
* \headsep=18.06749pt
* \topskip=10.0pt
* \footskip=25.29494pt
* \marginparwidth=125.0pt
* \marginparsep=7.0pt
* \columnsep=10.0pt
* \skip\footins=9.0pt plus 4.0pt minus 2.0pt
* \hoffset=0.0pt
* \voffset=0.0pt
* \mag=1000
* \@twocolumnfalse
* \@twosidetrue
* \@mparswitchtrue
* \@reversemarginfalse
* (1in=72.27pt=25.4mm, 1cm=28.453pt)

Package caption Info: Begin \AtBeginDocument code.
Package caption Info: End \AtBeginDocument code.
<logo.pdf, id=1, 185.97679pt x 59.7482pt>
File: logo.pdf Graphic file (type pdf)
<use logo.pdf>
Package pdftex.def Info: logo.pdf  used on input line 46.
(pdftex.def)             Requested size: 184.9429pt x 59.418pt.
LaTeX Font Info:    Trying to load font information for T1+qhv on input line 48
.

(/usr/local/Cellar/texlive/20250308_1/share/texmf-dist/tex/latex/tex-gyre/t1qhv
.fd
File: t1qhv.fd 2009/09/25 v1.2 font definition file for T1/qhv
)

[1

{/usr/local/Cellar/texlive/20250308_1/share/texmf-dist/fonts/map/pdftex/updmap/
pdftex.map}{/usr/local/Cellar/texlive/20250308_1/share/texmf-dist/fonts/enc/dvi
ps/tex-gyre/q-ec.enc} <./logo.pdf>]

[2]

<tik_cross_blank_cat_si.png, id=15, 491.58656pt x 250.68657pt>
File: tik_cross_blank_cat_si.png Graphic file (type png)
<use tik_cross_blank_cat_si.png>
Package pdftex.def Info: tik_cross_blank_cat_si.png  used on input line 109.
(pdftex.def)             Requested size: 98.31557pt x 50.13641pt.

Overfull \hbox (44.41461pt too wide) has occurred while \output is active
[][]|  
 []


Package fancyhdr Warning: \footskip is too small (25.29494pt): 
(fancyhdr)                Make it at least 53.73645pt, for example:
(fancyhdr)                \setlength{\footskip}{53.73645pt}.

[3 <./tik_cross_blank_cat_si.png>]

[4]
LaTeX Font Info:    Trying to load font information for T1+lmss on input line 1
15.

(/usr/local/Cellar/texlive/20250308_1/share/texmf-dist/tex/latex/lm/t1lmss.fd
File: t1lmss.fd 2015/05/01 v1.6.1 Font defs for Latin Modern
)
Underfull \hbox (badness 10000) in paragraph at lines 115--116

 []


Underfull \hbox (badness 10000) in paragraph at lines 117--123

 []


Underfull \hbox (badness 10000) in paragraph at lines 124--125

 []


Underfull \hbox (badness 10000) in paragraph at lines 127--133

 []


Underfull \hbox (badness 10000) in paragraph at lines 134--135

 []


Underfull \hbox (badness 10000) in paragraph at lines 137--143

 []



[5{/usr/local/Cellar/texlive/20250308_1/share/texmf-dist/fonts/enc/dvips/lm/lm-
ec.enc}{/usr/local/Cellar/texlive/20250308_1/share/texmf-dist/fonts/enc/dvips/c
m-super/cm-super-t1.enc}{/usr/local/Cellar/texlive/20250308_1/share/texmf-dist/
fonts/enc/dvips/cm-super/cm-super-ts1.enc}] (./PortadaTFG.toc
LaTeX Font Info:    Trying to load font information for OT1+lmr on input line 6
.

(/usr/local/Cellar/texlive/20250308_1/share/texmf-dist/tex/latex/lm/ot1lmr.fd
File: ot1lmr.fd 2015/05/01 v1.6.1 Font defs for Latin Modern
)
LaTeX Font Info:    Trying to load font information for OML+lmm on input line 6
.

(/usr/local/Cellar/texlive/20250308_1/share/texmf-dist/tex/latex/lm/omllmm.fd
File: omllmm.fd 2015/05/01 v1.6.1 Font defs for Latin Modern
)
LaTeX Font Info:    Trying to load font information for OMS+lmsy on input line 
6.

(/usr/local/Cellar/texlive/20250308_1/share/texmf-dist/tex/latex/lm/omslmsy.fd
File: omslmsy.fd 2015/05/01 v1.6.1 Font defs for Latin Modern
)
LaTeX Font Info:    Trying to load font information for OMX+lmex on input line 
6.
(/usr/local/Cellar/texlive/20250308_1/share/texmf-dist/tex/latex/lm/omxlmex.fd
File: omxlmex.fd 2015/05/01 v1.6.1 Font defs for Latin Modern
)
LaTeX Font Info:    External font `lmex10' loaded for size
(Font)              <10> on input line 6.
LaTeX Font Info:    External font `lmex10' loaded for size
(Font)              <7> on input line 6.
LaTeX Font Info:    External font `lmex10' loaded for size
(Font)              <5> on input line 6.
)
\tf@toc=\write3
\openout3 = `PortadaTFG.toc'.



[6

{/usr/local/Cellar/texlive/20250308_1/share/texmf-dist/fonts/enc/dvips/lm/lm-ma
thit.enc}]
Cap\'{\i }tol 1.

LaTeX Font Warning: Font shape `T1/cmr/bx/n' in size <50> not available
(Font)              size <35.83> substituted on input line 154.


Underfull \hbox (badness 10000) in paragraph at lines 156--157

 []



[7

]
Cap\'{\i }tol 2.


[8

]
Cap\'{\i }tol 3.


[9

]
Cap\'{\i }tol 4.


[10

]
Cap\'{\i }tol 5.
LaTeX Font Info:    External font `lmex10' loaded for size
(Font)              <12> on input line 177.
LaTeX Font Info:    External font `lmex10' loaded for size
(Font)              <8> on input line 177.
LaTeX Font Info:    External font `lmex10' loaded for size
(Font)              <6> on input line 177.


[11

]
Cap\'{\i }tol 6.


[12

]
Cap\'{\i }tol 7.


[13

] (./PortadaTFG.aux)
 ***********
LaTeX2e <2024-11-01> patch level 2
L3 programming layer <2025-01-18>
 ***********


LaTeX Font Warning: Size substitutions with differences
(Font)              up to 14.17pt have occurred.

 )
(\end occurred inside a group at level 2)

### simple group (level 2) entered at line 150 ({)
### simple group (level 1) entered at line 114 ({)
### bottom level 
Here is how much of TeX's memory you used:
 9324 strings out of 473190
 160960 string characters out of 5705898
 665220 words of memory out of 5000000
 32411 multiletter control sequences out of 15000+600000
 646555 words of font info for 81 fonts, out of 8000000 for 9000
 1141 hyphenation exceptions out of 8191
 79i,16n,93p,278b,605s stack positions out of 10000i,1000n,20000p,200000b,200000s
</usr/local/Cellar/texlive/20250308_1/share/texmf-dist/fonts/ty
pe1/public/lm/lmbx12.pfb></usr/local/Cellar/texlive/20250308_1/share/texmf-dist
/fonts/type1/public/lm/lmmi10.pfb></usr/local/Cellar/texlive/20250308_1/share/t
exmf-dist/fonts/type1/public/lm/lmmi12.pfb></usr/local/Cellar/texlive/20250308_
1/share/texmf-dist/fonts/type1/public/lm/lmmi7.pfb></usr/local/Cellar/texlive/2
0250308_1/share/texmf-dist/fonts/type1/public/lm/lmmi8.pfb></usr/local/Cellar/t
exlive/20250308_1/share/texmf-dist/fonts/type1/public/lm/lmr10.pfb></usr/local/
Cellar/texlive/20250308_1/share/texmf-dist/fonts/type1/public/lm/lmr17.pfb></us
r/local/Cellar/texlive/20250308_1/share/texmf-dist/fonts/type1/public/lm/lmssbx
10.pfb></usr/local/Cellar/texlive/20250308_1/share/texmf-dist/fonts/type1/publi
c/tex-gyre/qhvb.pfb></usr/local/Cellar/texlive/20250308_1/share/texmf-dist/font
s/type1/public/tex-gyre/qhvr.pfb></usr/local/Cellar/texlive/20250308_1/share/te
xmf-dist/fonts/type1/public/tex-gyre/qhvri.pfb></usr/local/Cellar/texlive/20250
308_1/share/texmf-dist/fonts/type1/public/cm-super/sfbx3583.pfb></usr/local/Cel
lar/texlive/20250308_1/share/texmf-dist/fonts/type1/public/cm-super/sfrb1000.pf
b></usr/local/Cellar/texlive/20250308_1/share/texmf-dist/fonts/type1/public/cm-
super/sfrm1000.pfb>
Output written on PortadaTFG.pdf (13 pages, 272433 bytes).
PDF statistics:
 131 PDF objects out of 1000 (max. 8388607)
 83 compressed objects within 1 object stream
 0 named destinations out of 1000 (max. 500000)
 11 words of extra memory for PDF output out of 10000 (max. 10000000)

